// Jest Snapshot v1, https://goo.gl/fbAQLP

exports[`Overrides should allow to add overrides 1`] = `
[
  FieldOverride {
    "id": undefined,
    "props": {},
    "render": undefined,
    "targets": [],
    "type": "field",
  },
  ComponentOverride {
    "construct": undefined,
    "duplicate": undefined,
    "fields": [
      {},
    ],
    "id": undefined,
    "render": undefined,
    "sanitize": undefined,
    "targets": [
      "foo",
    ],
    "type": "component",
  },
]
`;

exports[`Overrides should allow to get an override 1`] = `
ComponentOverride {
  "construct": undefined,
  "duplicate": undefined,
  "fields": [
    {},
  ],
  "id": undefined,
  "render": undefined,
  "sanitize": undefined,
  "targets": [
    "foo",
  ],
  "type": "component",
}
`;

exports[`Overrides should alow to merge overrides 1`] = `
{
  "construct": [Function],
  "fields": [
    {},
  ],
  "targets": [
    "foo",
  ],
  "type": "component",
}
`;
